mode: set
_/home/ename/GitHub/fuchsia/test/hello.go:5.21,7.2 1 1
_/home/ename/GitHub/fuchsia/test/hello.go:8.13,10.2 1 0
